
> launch-minds-ai@0.1.0 build
> next build

Γû▓ Next.js 16.1.1 (Turbopack)

  Creating an optimized production build ...
node.exe : 
At C:\Program Files\n
odejs\npm.ps1:29 
char:3
+   & $NODE_EXE 
$NPM_CLI_JS $args
+   ~~~~~~~~~~~~~~~~~
~~~~~~~~~~~~
    + CategoryInfo   
           : NotSpe  
  cified: (:String   
 ) [], RemoteExce    
ption
    + FullyQualified 
   ErrorId : Native  
  CommandError
 
> Build error 
occurred
Error: Turbopack 
build failed with 1 
errors:
./src/components/layo
ut/Header.tsx:4:1
Module not found: 
Can't resolve '../orc
hestrator/Timeline'
[0m [90m 2 |[39m
 [90m 3 |[39m 
[36mimport[39m 
[33mReact[39m 
[36mfrom[39m [32m'
react'[39m[33m;[39
m
[31m[1m>[22m[39m
[90m 4 |[39m 
[36mimport[39m { 
[33mTimeline[39m } 
[36mfrom[39m [32m'
../orchestrator/Timel
ine'[39m[33m;[39m
 [90m   |[39m [31m
[1m^[22m[39m[31m
[1m^[22m[39m[31m[
1m^[22m[39m[31m[1
m^[22m[39m[31m[1m
^[22m[39m[31m[1m^
[22m[39m[31m[1m^
[22m[39m[31m[1m^[
22m[39m[31m[1m^[2
2m[39m[31m[1m^[22
m[39m[31m[1m^[22m
[39m[31m[1m^[22m
[39m[31m[1m^[22m[
39m[31m[1m^[22m[3
9m[31m[1m^[22m[39
m[31m[1m^[22m[39m
[31m[1m^[22m[39m
[31m[1m^[22m[39m[
31m[1m^[22m[39m[3
1m[1m^[22m[39m[31
m[1m^[22m[39m[31m
[1m^[22m[39m[31m
[1m^[22m[39m[31m[
1m^[22m[39m[31m[1
m^[22m[39m[31m[1m
^[22m[39m[31m[1m^
[22m[39m[31m[1m^
[22m[39m[31m[1m^[
22m[39m[31m[1m^[2
2m[39m[31m[1m^[22
m[39m[31m[1m^[22m
[39m[31m[1m^[22m
[39m[31m[1m^[22m[
39m[31m[1m^[22m[3
9m[31m[1m^[22m[39
m[31m[1m^[22m[39m
[31m[1m^[22m[39m
[31m[1m^[22m[39m[
31m[1m^[22m[39m[3
1m[1m^[22m[39m[31
m[1m^[22m[39m[31m
[1m^[22m[39m[31m
[1m^[22m[39m[31m[
1m^[22m[39m[31m[1
m^[22m[39m[31m[1m
^[22m[39m[31m[1m^
[22m[39m[31m[1m^
[22m[39m[31m[1m^[
22m[39m[31m[1m^[2
2m[39m[31m[1m^[22
m[39m
 [90m 5 |[39m 
[36mimport[39m { [
33mBell[39m[33m,[3
9m [33mSearch[39m[
33m,[39m 
[33mCommand[39m } 
[36mfrom[39m [32m'
lucide-react'[39m[3
3m;[39m
 [90m 6 |[39m 
[36mimport[39m { 
[33mButton[39m } 
[36mfrom[39m [32m'
../ui/components'[39
m[33m;[39m
 [90m 7 |[39m[0m



Import traces:
  Client Component 
Browser:
    ./src/components/
layout/Header.tsx 
[Client Component 
Browser]
    ./src/app/dashboa
rd/layout.tsx 
[Client Component 
Browser]
    ./src/app/dashboa
rd/layout.tsx 
[Server Component]

  Client Component 
SSR:
    ./src/components/
layout/Header.tsx 
[Client Component 
SSR]
    ./src/app/dashboa
rd/layout.tsx 
[Client Component 
SSR]
    ./src/app/dashboa
rd/layout.tsx 
[Server Component]

https://nextjs.org/do
cs/messages/module-no
t-found


    at <unknown> (./s
rc/components/layout/
Header.tsx:4:1)
    at <unknown> (htt
ps://nextjs.org/docs/
messages/module-not-f
ound)
